// Jest Snapshot v1, https://goo.gl/fbAQLP

exports[`Testing to client Client is John 1`] = `
Object {
  "balance": 500,
  "name": "John",
  "type": "Premium",
}
`;
